fn main() {
  `[let mut y = 0;]`
  let mut x = (0, &mut y);
  x.0 += 1;
  `[*x.1 += 1;]`
}