fn main() {
  `[let mut x = 0;]`
  let mut y = 1;

  `[let mut z = vec![&mut x];]`
  z.push(&mut y);

  `[*z[0] += 1;]`
}